{
  "hooks": {
    "SessionStart": [
      {
        "hooks": [
          {
            "type": "command",
            "command": "/Users/dev/.local/bin/hottell hook codex >/dev/null 2>&1 || true",
            "timeout": 10
          }
        ]
      }
    ],
    "SessionEnd": [
      {
        "hooks": [
          {
            "type": "command",
            "command": "/Users/dev/.local/bin/hottell hook codex >/dev/null 2>&1 || true",
            "timeout": 1
          }
        ]
      }
    ],
    "UserPromptSubmit": [
      {
        "hooks": [
          {
            "type": "command",
            "command": "/Users/dev/.local/bin/hottell hook codex >/dev/null 2>&1 || true",
            "timeout": 10
          }
        ]
      }
    ],
    "PreToolUse": [
      {
        "hooks": [
          {
            "type": "command",
            "command": "/Users/dev/.local/bin/hottell hook codex >/dev/null 2>&1 || true",
            "timeout": 10
          }
        ]
      }
    ],
    "PermissionRequest": [
      {
        "hooks": [
          {
            "type": "command",
            "command": "/Users/dev/.local/bin/hottell hook codex >/dev/null 2>&1 || true",
            "timeout": 10
          }
        ]
      }
    ],
    "PostToolUse": [
      {
        "hooks": [
          {
            "type": "command",
            "command": "/Users/dev/.local/bin/hottell hook codex >/dev/null 2>&1 || true",
            "timeout": 10
          }
        ]
      }
    ],
    "PreCompact": [
      {
        "hooks": [
          {
            "type": "command",
            "command": "/Users/dev/.local/bin/hottell hook codex >/dev/null 2>&1 || true",
            "timeout": 10
          }
        ]
      }
    ],
    "PostCompact": [
      {
        "hooks": [
          {
            "type": "command",
            "command": "/Users/dev/.local/bin/hottell hook codex >/dev/null 2>&1 || true",
            "timeout": 10
          }
        ]
      }
    ],
    "SubagentStart": [
      {
        "hooks": [
          {
            "type": "command",
            "command": "/Users/dev/.local/bin/hottell hook codex >/dev/null 2>&1 || true",
            "timeout": 10
          }
        ]
      }
    ],
    "SubagentStop": [
      {
        "hooks": [
          {
            "type": "command",
            "command": "/Users/dev/.local/bin/hottell hook codex >/dev/null 2>&1 || true",
            "timeout": 10
          }
        ]
      }
    ],
    "Stop": [
      {
        "hooks": [
          {
            "type": "command",
            "command": "/Users/dev/.local/bin/hottell hook codex >/dev/null 2>&1 || true",
            "timeout": 10
          }
        ]
      }
    ],
    "Interrupt": [
      {
        "hooks": [
          {
            "type": "command",
            "command": "/Users/dev/.local/bin/hottell hook codex >/dev/null 2>&1 || true",
            "timeout": 1
          }
        ]
      }
    ]
  }
}
